======================================================================
  Experiment 01 — Trapdoor Gen
  host=ip-172-31-15-107  python=3.12.3
  aws=ec2-<PUBLIC-IP>.<region>.compute.amazonaws.com
======================================================================

  Loading 10,000 records...

  ── BVCRSA ──
  ⛓️  Blockchain Edge Node initialized (simulated mode)
     Genesis: 00e39c1a8888c948...
    d=1  mean=  3.1170 ms  ±0.0301  (sd=0.0687, m_c=4)
    d=2  mean=  6.2413 ms  ±0.0389  (sd=0.0887, m_c=8)
    d=3  mean=  9.3620 ms  ±0.0465  (sd=0.1062, m_c=12)
    d=4  mean= 12.4979 ms  ±0.0537  (sd=0.1225, m_c=16)
    d=5  mean= 15.5818 ms  ±0.0490  (sd=0.1118, m_c=20)

  ── Trinity ──
    d=1  mean=3498.0343 ms  ±5.7885  (sd=13.2075, m_c=4)
    d=2  mean=7014.0508 ms  ±4.0600  (sd=9.2637, m_c=8)
    d=3  mean=10516.4755 ms  ±4.0160  (sd=9.1634, m_c=12)
    d=4  mean=14095.2605 ms  ±43.8810  (sd=100.1234, m_c=16)
    d=5  mean=17543.0407 ms  ±6.4327  (sd=14.6775, m_c=20)

  ── VC-KASE ──
    d=1  mean=  1.1577 ms  ±0.0158  (sd=0.0362, m_c=4)
    d=2  mean=  1.4865 ms  ±0.0178  (sd=0.0407, m_c=8)
    d=3  mean=  1.8252 ms  ±0.0169  (sd=0.0385, m_c=12)
    d=4  mean=  2.1643 ms  ±0.0232  (sd=0.0529, m_c=16)
    d=5  mean=  2.4948 ms  ±0.0209  (sd=0.0478, m_c=20)

  ── ABSE-Range ──
    d=1  mean=  5.5533 ms  ±0.0337  (sd=0.0770, m_c=4)
    d=2  mean= 11.1360 ms  ±0.0483  (sd=0.1102, m_c=8)
    d=3  mean= 16.6818 ms  ±0.0377  (sd=0.0860, m_c=12)
    d=4  mean= 22.2413 ms  ±0.0430  (sd=0.0980, m_c=16)
    d=5  mean= 27.9192 ms  ±0.0826  (sd=0.1886, m_c=20)

  ── Latt-IBEKS ──
    d=1  mean=  0.8135 ms  ±0.0164  (sd=0.0374, m_c=4)
    d=2  mean=  1.6382 ms  ±0.0215  (sd=0.0491, m_c=8)
    d=3  mean=  2.4381 ms  ±0.0230  (sd=0.0524, m_c=12)
    d=4  mean=  3.2516 ms  ±0.0271  (sd=0.0618, m_c=16)
    d=5  mean=  4.0490 ms  ±0.0184  (sd=0.0420, m_c=20)

[+] 25 rows -> /home/ubuntu/bvcrsa/CSV/exp01_trapdoor_gen.csv
[+] figure -> /home/ubuntu/bvcrsa/Figures/exp01_trapdoor_gen.svg
