======================================================================
  Experiment 03 — Query Throughput
  host=ip-172-31-15-107  python=3.12.3
  aws=ec2-<PUBLIC-IP>.<region>.compute.amazonaws.com
======================================================================

  Loading 10,000 records...  concurrency = single-threaded sequential

  ── BVCRSA ──
  ⛓️  Blockchain Edge Node initialized (simulated mode)
     Genesis: 006898d288e1d62e...
    Q=     5           0.3 q/s  latency=3566.0620 ms  PASS
    Q=    10           0.3 q/s  latency=3565.9431 ms  PASS
    Q=    25           0.3 q/s  latency=3565.5833 ms  PASS
    Q=    50           0.3 q/s  latency=3553.3171 ms  PASS

  ── Trinity ──
    Q=     5           0.1 q/s  latency=8641.0442 ms  PASS
    Q=    10           0.1 q/s  latency=8711.6882 ms  PASS
    Q=    25           0.1 q/s  latency=8814.3847 ms  PASS
    Q=    50           0.1 q/s  latency=9089.1237 ms  PASS

  ── VC-KASE ──
    Q=     5          37.3 q/s  latency= 26.7798 ms  PASS
    Q=    10          37.3 q/s  latency= 26.8294 ms  PASS
    Q=    25          37.6 q/s  latency= 26.6092 ms  PASS
    Q=    50          37.2 q/s  latency= 26.8740 ms  PASS

  ── ABSE-Range ── SKIPPED (see SKIP_SCHEMES note)

  ── Latt-IBEKS ──
    Q=     5          30.0 q/s  latency= 33.3747 ms  PASS
    Q=    10          30.4 q/s  latency= 32.8679 ms  PASS
    Q=    25          30.4 q/s  latency= 32.9148 ms  PASS
    Q=    50          30.3 q/s  latency= 33.0073 ms  PASS

[+] 16 rows -> /home/ubuntu/bvcrsa/CSV/exp03_query_throughput.csv

  All rows reconcile: throughput == 1000 / latency_ms within 5%.
[+] figure -> /home/ubuntu/bvcrsa/Figures/exp03_query_throughput.svg
