Traceback (most recent call last):
  File "/home/ubuntu/venv/lib/python3.12/site-packages/pandas/core/indexes/base.py", line 3641, in get_loc
    return self._engine.get_loc(casted_key)
           ^^^^^^^^^^^^^^^^^^^^^^^^^^^^^^^^
  File "pandas/_libs/index.pyx", line 168, in pandas._libs.index.IndexEngine.get_loc
  File "pandas/_libs/index.pyx", line 197, in pandas._libs.index.IndexEngine.get_loc
  File "pandas/_libs/hashtable_class_helper.pxi", line 7668, in pandas._libs.hashtable.PyObjectHashTable.get_item
  File "pandas/_libs/hashtable_class_helper.pxi", line 7676, in pandas._libs.hashtable.PyObjectHashTable.get_item
KeyError: 'normal_calls'

The above exception was the direct cause of the following exception:

Traceback (most recent call last):
  File "/home/ubuntu/bvcrsa/Benchmark/06_Aggregation_Strategy/plot.py", line 115, in <module>
    main()
  File "/home/ubuntu/bvcrsa/Benchmark/06_Aggregation_Strategy/plot.py", line 48, in main
    ax.plot(df["SQ"], df["normal_calls"], marker='o', linestyle='--',
                      ~~^^^^^^^^^^^^^^^^
  File "/home/ubuntu/venv/lib/python3.12/site-packages/pandas/core/frame.py", line 4378, in __getitem__
    indexer = self.columns.get_loc(key)
              ^^^^^^^^^^^^^^^^^^^^^^^^^
  File "/home/ubuntu/venv/lib/python3.12/site-packages/pandas/core/indexes/base.py", line 3648, in get_loc
    raise KeyError(key) from err
KeyError: 'normal_calls'
